node.exe : WARNING: You are currently using 
Node.js v24.11.0, which is not supported by 
Hardhat. This can lead to unexpected 
behavior. See 
https://hardhat.org/nodejs-versions
At line:1 char:1
+ & "C:\Program Files\nodejs/node.exe" 
"C:\Program Files\nodejs/node_mo ...
+ ~~~~~~~~~~~~~~~~~~~~~~~~~~~~~~~~~~~~~~~~~~~
~~~~~~~~~~~~~~~~~~~~~~~~~~
    + CategoryInfo          : NotSpecified:  
   (WARNING: You ar...nodejs-versions:Strin  
  g) [], RemoteException
    + FullyQualifiedErrorId : NativeCommandE 
   rror
 


[dotenv@17.2.3] injecting env (0) from .env -- tip: Γ£à audit secrets and track compliance: https://dotenvx.com/ops
Error HH606: The project cannot be compiled, 
see reasons below.

The Solidity version pragma statement in 
these files doesn't match any of the 
configured compilers in your config. Change 
the pragma or configure additional compiler 
versions in your hardhat config.

  * 
@openzeppelin/contracts/access/Ownable.sol 
(^0.8.20)
  * 
@openzeppelin/contracts/utils/Context.sol 
(^0.8.20)

These files and its dependencies cannot be 
compiled with your config. This can happen 
because they have incompatible Solidity 
pragmas, or don't match any of your 
configured Solidity compilers.

  * contracts/MeritRegistry.sol

To learn more, run the command again with 
--verbose

Read about compiler configuration at 
https://hardhat.org/config


For more info go to 
https://hardhat.org/HH606 or run Hardhat 
with --show-stack-traces
