--------------------------------------------------
MDM INTEGRITY VERIFICATION TEST SUITE
--------------------------------------------------

